n/29.jpg
n/28.jpg
n/27.jpg
n/26.jpg
n/25.jpg
n/24.jpg
n/23.jpg
n/22.jpg
n/21.jpg
n/20.jpg
n/19.jpg
n/18.jpg
n/17.jpg
n/16.jpg
n/15.jpg
n/14.jpg
n/13.jpg
n/12.jpg
n/11.jpg
n/10.jpg
n/9.jpg
n/8.jpg
n/7.jpg
n/6.jpg
n/5.jpg
n/4.jpg
n/3.jpg
n/2.jpg
n/1.jpg
n/0.jpg
n/Screenshot_42.png
n/Screenshot_40.png
n/Screenshot_39.png
n/Screenshot_38.png
n/Screenshot_37.png
n/Screenshot_36.png
n/Screenshot_35.png
n/Screenshot_34.png
n/Screenshot_33.png
n/Screenshot_32.png
n/Screenshot_31.png
n/Screenshot_29.png
n/Screenshot_28.png
n/Screenshot_27.png
n/Screenshot_26.png
n/Screenshot_25.png
n/Screenshot_24.png
n/Screenshot_23.png
n/Screenshot_22.png
n/Screenshot_21.png
n/Screenshot_20.png
n/Screenshot_18.png
n/Screenshot_17.png
n/Screenshot_16.png
n/Screenshot_15.png
n/Screenshot_14.png
n/Screenshot_13.png
n/Screenshot_12.png
n/Screenshot_11.png
n/Screenshot_10.png
n/Screenshot_9.png
n/Screenshot_7.png
n/Screenshot_6.png
n/Screenshot_5.png
n/Screenshot_4.png
n/Screenshot_3.png
n/Screenshot_2.png
n/Screenshot_1.png
n/Screenshot_241.png
n/Screenshot_240.png
n/Screenshot_239.png
n/Screenshot_238.png
n/Screenshot_237.png
n/Screenshot_236.png
n/Screenshot_235.png
n/Screenshot_234.png
n/Screenshot_233.png
n/Screenshot_232.png
n/Screenshot_231.png
n/Screenshot_230.png
n/Screenshot_229.png
n/Screenshot_228.png
n/Screenshot_227.png
n/Screenshot_226.png
n/Screenshot_225.png
n/Screenshot_224.png
n/Screenshot_223.png
n/Screenshot_222.png
n/Screenshot_221.png
n/Screenshot_220.png
n/Screenshot_219.png
n/Screenshot_218.png
n/Screenshot_217.png
n/Screenshot_216.png
n/Screenshot_215.png
n/Screenshot_214.png
n/Screenshot_213.png
n/Screenshot_212.png
n/Screenshot_211.png
n/Screenshot_210.png
n/Screenshot_209.png
n/Screenshot_208.png
n/Screenshot_207.png
n/Screenshot_206.png
n/Screenshot_205.png
n/Screenshot_204.png
n/Screenshot_203.png
n/Screenshot_202.png
n/Screenshot_201.png
n/Screenshot_200.png
n/Screenshot_199.png
n/Screenshot_198.png
n/Screenshot_197.png
n/Screenshot_196.png
n/Screenshot_195.png
n/Screenshot_194.png
n/Screenshot_193.png
n/Screenshot_192.png
n/Screenshot_191.png
n/Screenshot_190.png
n/Screenshot_189.png
n/Screenshot_188.png
n/Screenshot_187.png
n/Screenshot_186.png
n/Screenshot_185.png
n/Screenshot_184.png
n/Screenshot_183.png
n/Screenshot_182.png
n/Screenshot_181.png
n/Screenshot_180.png
n/Screenshot_179.png
n/Screenshot_178.png
n/Screenshot_177.png
n/Screenshot_176.png
n/Screenshot_175.png
n/Screenshot_174.png
n/Screenshot_173.png
n/Screenshot_172.png
n/Screenshot_171.png
n/Screenshot_170.png
n/Screenshot_169.png
n/Screenshot_168.png
n/Screenshot_167.png
n/Screenshot_166.png
n/Screenshot_165.png
n/Screenshot_164.png
n/Screenshot_163.png
n/Screenshot_162.png
n/Screenshot_161.png
n/Screenshot_160.png
n/Screenshot_159.png
n/Screenshot_158.png
n/Screenshot_157.png
n/Screenshot_156.png
n/Screenshot_155.png
n/Screenshot_154.png
n/Screenshot_153.png
n/Screenshot_152.png
n/Screenshot_151.png
n/Screenshot_150.png
n/Screenshot_149.png
n/Screenshot_148.png
n/Screenshot_147.png
n/Screenshot_146.png
n/Screenshot_145.png
n/Screenshot_144.png
n/Screenshot_143.png
n/Screenshot_142.png
n/Screenshot_141.png
n/Screenshot_140.png
n/Screenshot_129.png
n/Screenshot_118.png
n/Screenshot_107.png
n/Screenshot_96.png
n/Screenshot_85.png
n/Screenshot_74.png
n/Screenshot_63.png
n/Screenshot_52.png
n/Screenshot_41.png
n/Screenshot_30.png
n/Screenshot_19.png
n/Screenshot_8.png